// Jest Snapshot v1, https://goo.gl/fbAQLP

exports[`Counter should render counter 1`] = `ShallowWrapper {}`;

exports[`Delete button should render Delete button 1`] = `ShallowWrapper {}`;

exports[`Delete button should render Delete button 2`] = `ShallowWrapper {}`;

exports[`Image list container should render ImageListContainer 1`] = `ShallowWrapper {}`;

exports[`Image list should render ImageList 1`] = `ShallowWrapper {}`;

exports[`Input Form should render InputForm 1`] = `ShallowWrapper {}`;
